node.exe : FAIL src/db/__tests__/transaction.test.ts
At line:1 char:1
+ & "C:\Program Files\nodejs/node.exe" "C:\Program Files\nodejs/node_mo ...
+ ~~~~~~~~~~~~~~~~~~~~~~~~~~~~~~~~~~~~~~~~~~~~~~~~~~~~~~~~~~~~~~~~~~~~~
    + CategoryInfo          : NotSpecified: (FAIL src/db/__t...saction.test.ts:String) [], RemoteException
    + FullyQualifiedErrorId : NativeCommandError
 
  DB Repository Layer - transaction
    ├ù sets application tenant ID correctly inside transaction (12 ms)
    ├ù rolls back correctly on error (11 ms)

  ΓùÅ DB Repository Layer - transaction ΓÇ║ sets application tenant ID correctly inside transaction

    AggregateError

    [0m [90m 13 |[39m )[33m:[39m [33mPromise[39m[33m<[39m[33mT[39m[33m>[39m {
     [90m 14 |[39m   [36mconst[39m pool [33m=[39m getPool()[33m;[39m
    [31m[1m>[22m[39m[90m 15 |[39m   [36mconst[39m client [33m=[39m [36mawait[39m pool[33m.[39mconnect()[33m;[39m
     [90m    |[39m                  [31m[1m^[22m[39m
     [90m 16 |[39m   
     [90m 17 |[39m   [36mtry[39m {
     [90m 18 |[39m     [36mawait[39m client[33m.[39mquery([32m'BEGIN'[39m)[33m;[39m[0m

      at node_modules/pg-pool/index.js:45:11
      at async withTenantTransaction (src/db/transaction.ts:15:18)
      at async Object.<anonymous> (src/db/__tests__/transaction.test.ts:14:5)

  ΓùÅ DB Repository Layer - transaction ΓÇ║ rolls back correctly on error

    expect(received).rejects.toThrow(expected)

    Expected substring: "Test rollback error"
    Received message:   ""

        [0m [90m 13 |[39m )[33m:[39m [33mPromise[39m[33m<[39m[33mT[39m[33m>[39m {
         [90m 14 |[39m   [36mconst[39m pool [33m=[39m getPool()[33m;[39m
        [31m[1m>[22m[39m[90m 15 |[39m   [36mconst[39m client [33m=[39m [36mawait[39m 
pool[33m.[39mconnect()[33m;[39m
         [90m    |[39m                  [31m[1m^[22m[39m
         [90m 16 |[39m   
         [90m 17 |[39m   [36mtry[39m {
         [90m 18 |[39m     [36mawait[39m client[33m.[39mquery([32m'BEGIN'[39m)[33m;[39m[0m

      at node_modules/pg-pool/index.js:45:11
      at async withTenantTransaction (src/db/transaction.ts:15:18)
      at async Object.<anonymous> (src/db/__tests__/transaction.test.ts:24:5)
      at Object.toThrow (node_modules/expect/build/index.js:218:22)
      at Object.<anonymous> (src/db/__tests__/transaction.test.ts:31:15)

Test Suites: 1 failed, 1 total
Tests:       2 failed, 2 total
Snapshots:   0 total
Time:        0.954 s, estimated 2 s
Ran all test suites matching /src\\db\\__tests__\\transaction.test.ts/i.
